// Jest Snapshot v1, https://goo.gl/fbAQLP

exports[`Test Missions render Test Missions snapshot 1`] = `
Object {
  "asFragment": [Function],
  "baseElement": <body>
    <div>
      <div
        class="mt-5"
      >
        <div
          class="d-flex justify-content-center px-3 py-5 mt-5"
        >
          <table
            class="table table-bordered table-striped p-0 m-0"
          >
            <thead
              class="thred"
            >
              <tr>
                <th
                  scope="col"
                >
                  Mission
                </th>
                <th
                  scope="col"
                >
                  Description
                </th>
                <th
                  scope="col"
                >
                  Status
                </th>
                <th
                  scope="col"
                />
              </tr>
            </thead>
          </table>
        </div>
      </div>
    </div>
  </body>,
  "container": <div>
    <div
      class="mt-5"
    >
      <div
        class="d-flex justify-content-center px-3 py-5 mt-5"
      >
        <table
          class="table table-bordered table-striped p-0 m-0"
        >
          <thead
            class="thred"
          >
            <tr>
              <th
                scope="col"
              >
                Mission
              </th>
              <th
                scope="col"
              >
                Description
              </th>
              <th
                scope="col"
              >
                Status
              </th>
              <th
                scope="col"
              />
            </tr>
          </thead>
        </table>
      </div>
    </div>
  </div>,
  "debug": [Function],
  "findAllByAltText": [Function],
  "findAllByDisplayValue": [Function],
  "findAllByLabelText": [Function],
  "findAllByPlaceholderText": [Function],
  "findAllByRole": [Function],
  "findAllByTestId": [Function],
  "findAllByText": [Function],
  "findAllByTitle": [Function],
  "findByAltText": [Function],
  "findByDisplayValue": [Function],
  "findByLabelText": [Function],
  "findByPlaceholderText": [Function],
  "findByRole": [Function],
  "findByTestId": [Function],
  "findByText": [Function],
  "findByTitle": [Function],
  "getAllByAltText": [Function],
  "getAllByDisplayValue": [Function],
  "getAllByLabelText": [Function],
  "getAllByPlaceholderText": [Function],
  "getAllByRole": [Function],
  "getAllByTestId": [Function],
  "getAllByText": [Function],
  "getAllByTitle": [Function],
  "getByAltText": [Function],
  "getByDisplayValue": [Function],
  "getByLabelText": [Function],
  "getByPlaceholderText": [Function],
  "getByRole": [Function],
  "getByTestId": [Function],
  "getByText": [Function],
  "getByTitle": [Function],
  "queryAllByAltText": [Function],
  "queryAllByDisplayValue": [Function],
  "queryAllByLabelText": [Function],
  "queryAllByPlaceholderText": [Function],
  "queryAllByRole": [Function],
  "queryAllByTestId": [Function],
  "queryAllByText": [Function],
  "queryAllByTitle": [Function],
  "queryByAltText": [Function],
  "queryByDisplayValue": [Function],
  "queryByLabelText": [Function],
  "queryByPlaceholderText": [Function],
  "queryByRole": [Function],
  "queryByTestId": [Function],
  "queryByText": [Function],
  "queryByTitle": [Function],
  "rerender": [Function],
  "unmount": [Function],
}
`;
